Archive member included to satisfy reference by file (symbol)

../../../components/ble/library\libfr8010h_stack.a(entry.o)
                              build/d20_smartwatch/patch.c.o (enable_cache)
../../../components/ble/library\libfr8010h_stack.a(jump_table.o)
                              build/d20_smartwatch/proj_main.c.o (jump_table_set_static_keys_store_offset)
../../../components/ble/library\libfr8010h_stack.a(sys_utils.o)
                              build/d20_smartwatch/proj_main.c.o (retry_handshake)
../../../components/ble/library\libfr8010h_stack.a(patch_rf_fcc.o)
                              ../../../components/ble/library\libfr8010h_stack.a(entry.o) (rf_init_app)
../../../components/ble/library\libfr8010h_stack.a(patch_rtos.o)
                              build/d20_smartwatch/patch.c.o (vPortSuppressTicksAndSleep_patch)
../../../components/ble/library\libfr8010h_stack.a(patch_No_MD_bit.o)
                              ../../../components/ble/library\libfr8010h_stack.a(patch_rf_fcc.o) (patch_handle_lld_con_env)
../../../components/ble/library\libfr8010h_stack.a(patch_task.o)
                              ../../../components/ble/library\libfr8010h_stack.a(patch_rf_fcc.o) (patch_ae_ind_timer_set)
../../../components/ble/library\libfr8010h_stack.a(rwble_hl.o)
                              ../../../components/ble/library\libfr8010h_stack.a(entry.o) (rwble_hl_init_imp)
../../../components/ble/library\libfr8010h_stack.a(prf.o)
                              ../../../components/ble/library\libfr8010h_stack.a(jump_table.o) (prf_env)
../../../components/ble/library\libfr8010h_stack.a(l2cm.o)
                              ../../../components/ble/library\libfr8010h_stack.a(rwble_hl.o) (l2cm_init)
../../../components/ble/library\libfr8010h_stack.a(l2cc.o)
                              ../../../components/ble/library\libfr8010h_stack.a(l2cm.o) (l2cc_create)
../../../components/ble/library\libfr8010h_stack.a(l2cc_lecb.o)
                              ../../../components/ble/library\libfr8010h_stack.a(l2cc.o) (l2cc_lecb_find)
../../../components/ble/library\libfr8010h_stack.a(l2cc_pdu.o)
                              ../../../components/ble/library\libfr8010h_stack.a(l2cc.o) (l2cc_lecb_pdu_pack)
../../../components/ble/library\libfr8010h_stack.a(l2cc_task.o)
                              ../../../components/ble/library\libfr8010h_stack.a(l2cc_lecb.o) (l2cc_pdu_alloc)
../../../components/ble/library\libfr8010h_stack.a(gattm.o)
                              ../../../components/ble/library\libfr8010h_stack.a(rwble_hl.o) (gattm_init)
../../../components/ble/library\libfr8010h_stack.a(gattm_task.o)
                              ../../../components/ble/library\libfr8010h_stack.a(gattm.o) (TASK_DESC_GATTM)
../../../components/ble/library\libfr8010h_stack.a(gattc.o)
                              ../../../components/ble/library\libfr8010h_stack.a(l2cc_pdu.o) (gattc_get_mtu)
../../../components/ble/library\libfr8010h_stack.a(gattc_task.o)
                              ../../../components/ble/library\libfr8010h_stack.a(gattc.o) (TASK_DESC_GATTC)
../../../components/ble/library\libfr8010h_stack.a(atts.o)
                              ../../../components/ble/library\libfr8010h_stack.a(gattc_task.o) (atts_send_error)
../../../components/ble/library\libfr8010h_stack.a(attm.o)
                              ../../../components/ble/library\libfr8010h_stack.a(gattc_task.o) (attm_convert_to128)
../../../components/ble/library\libfr8010h_stack.a(attm_db.o)
                              ../../../components/ble/library\libfr8010h_stack.a(attm.o) (attmdb_svc_check_hdl)
../../../components/ble/library\libfr8010h_stack.a(attc.o)
                              ../../../components/ble/library\libfr8010h_stack.a(gattc_task.o) (attc_send_att_req)
../../../components/ble/library\libfr8010h_stack.a(gapm.o)
                              ../../../components/ble/library\libfr8010h_stack.a(l2cc_pdu.o) (gapm_get_max_mtu)
../../../components/ble/library\libfr8010h_stack.a(gapm_actv.o)
                              ../../../components/ble/library\libfr8010h_stack.a(gapm.o) (gapm_actv_init)
../../../components/ble/library\libfr8010h_stack.a(gapm_addr.o)
                              ../../../components/ble/library\libfr8010h_stack.a(gapm.o) (gapm_addr_init)
../../../components/ble/library\libfr8010h_stack.a(gapm_adv.o)
                              ../../../components/ble/library\libfr8010h_stack.a(gapm_actv.o) (gapm_adv_create)
../../../components/ble/library\libfr8010h_stack.a(gapm_init.o)
                              ../../../components/ble/library\libfr8010h_stack.a(gapm_actv.o) (gapm_init_create)
../../../components/ble/library\libfr8010h_stack.a(gapm_per_sync.o)
                              ../../../components/ble/library\libfr8010h_stack.a(gapm_actv.o) (gapm_per_sync_create)
../../../components/ble/library\libfr8010h_stack.a(gapm_scan.o)
[...]
Memory Configuration

Name             Origin             Length             Attributes
FLASH            0x01000000         0x00020000         xr
RST_MEM          0x20000000         0x00000080         xrw
RAM              0x20000b60         0x0000b4a0         xrw
*default*        0x00000000         0xffffffff

Linker script and memory map

LOAD C:/Program Files (x86)/Arm GNU Toolchain arm-none-eabi/13.3 rel1/bin/../lib/gcc/arm-none-eabi/13.3.1/thumb/v7-m/nofp/crti.o
LOAD C:/Program Files (x86)/Arm GNU Toolchain arm-none-eabi/13.3 rel1/bin/../lib/gcc/arm-none-eabi/13.3.1/thumb/v7-m/nofp/crtbegin.o
LOAD C:/Program Files (x86)/Arm GNU Toolchain arm-none-eabi/13.3 rel1/bin/../lib/gcc/arm-none-eabi/13.3.1/thumb/v7-m/nofp/crt0.o
LOAD ../../../components/ble/library/syscall_gcc.txt
                0x00000000                        __ARM_use_no_argv = 0x0
                0x00000000                        __Vectors = 0x0
                0x0000008d                        __main = 0x8d
                0x0000008d                        _main_stk = 0x8d
                0x00000091                        _main_scatterload = 0x91
                0x00000095                        __main_after_scatterload = 0x95
                0x00000095                        _main_clock = 0x95
                0x00000095                        _main_cpp_init = 0x95
                0x00000095                        _main_init = 0x95
                0x0000009d                        __rt_final_cpp = 0x9d
                0x0000009d                        __rt_final_exit = 0x9d
                0x000000a1                        rwip_sleep_mul_64 = 0xa1
                0x000000ad                        __asm___11_low_power_c_50b0e29e__low_power_save_cpu = 0xad
                0x0000012d                        low_power_restore_cpu = 0x12d
                0x00000139                        SVC_Handler = 0x139
                0x00000171                        vPortSVCHandler = 0x171
                0x00000195                        __asm___6_port_c_39a90d8d__prvStartFirstTask = 0x195
                0x000001a9                        prv_call_svc_pc = 0x1a9
                0x000001ad                        PendSV_Handler = 0x1ad
                0x000001f9                        vPortGetIPSR = 0x1f9
                0x00000201                        __asm___10_app_boot_c_fcf06f29____REV16 = 0x201
                0x00000205                        __asm___14_ble_util_buf_c_b8bf6b0e____REV16 = 0x205
                0x00000209                        __asm___7_rwble_c_5e66ef03____REV16 = 0x209
                0x0000020d                        __asm___5_llc_c_llc_init____REV16 = 0x20d
                0x00000211                        __asm___15_llc_chmap_upd_c_ddac89ec____REV16 = 0x211
                0x00000215                        __asm___13_llc_con_upd_c_de71abdd____REV16 = 0x215
                0x00000219                        __asm___9_llc_dbg_c____REV16 = 0x219
                0x0000021d                        __asm___16_llc_disconnect_c_67e9d540____REV16 = 0x21d
                0x00000221                        __asm___12_llc_dl_upd_c_553d3f21____REV16 = 0x221
                0x00000225                        __asm___13_llc_encrypt_c_8159a054____REV16 = 0x225
                0x00000229                        __asm___15_llc_feat_exch_c_6fa097ef____REV16 = 0x229
                0x0000022d                        __asm___9_llc_hci_c_996dc4b6____REV16 = 0x22d
                0x00000231                        __asm___13_llc_le_ping_c_434cc73c____REV16 = 0x231
                0x00000235                        __asm___10_llc_llcp_c_1a9b13a9____REV16 = 0x235
                0x00000239                        __asm___13_llc_phy_upd_c_0294cefd____REV16 = 0x239
                0x0000023d                        __asm___10_llc_task_c_30369c55____REV16 = 0x23d
                0x00000241                        __asm___14_llc_ver_exch_c_2771d0a7____REV16 = 0x241
                0x00000245                        __asm___5_lld_c_f7832d1e____REV16 = 0x245
                0x00000249                        __asm___9_lld_adv_c_9a148cc9____REV16 = 0x249
                0x0000024d                        __asm___9_lld_con_c_df553fb8____REV16 = 0x24d
                0x00000251                        __asm___10_lld_init_c_b391185e____REV16 = 0x251
                0x00000255                        __asm___13_lld_per_adv_c_77b63e9a____REV16 = 0x255
                0x00000259                        __asm___10_lld_scan_c_01456b52____REV16 = 0x259
                0x0000025d                        __asm___10_lld_sync_c_8bd34c56____REV16 = 0x25d
                0x00000261                        __asm___10_lld_test_c_54e5e101____REV16 = 0x261
                0x00000265                        __asm___5_llm_c_52f69136____REV16 = 0x265
                0x00000269                        __asm___9_llm_adv_c_2ca465c6____REV16 = 0x269
                0x0000026d                        __asm___9_llm_hci_c_20aee1fa____REV16 = 0x26d
                0x00000271                        __asm___10_llm_init_c_c210a516____REV16 = 0x271
                0x00000275                        __asm___9_llm_iso_c____REV16 = 0x275
                0x00000279                        __asm___10_llm_scan_c_963e4937____REV16 = 0x279
                0x0000027d                        __asm___10_llm_task_c_5d3df270____REV16 = 0x27d
                0x00000281                        __asm___5_hci_c_hci_init____REV16 = 0x281
                0x00000285                        __asm___8_hci_fc_c_fcf3c82e____REV16 = 0x285
                0x00000289                        __asm___9_hci_msg_c_b5066cf5____REV16 = 0x289
                0x0000028d                        __asm___8_hci_tl_c_9ce329a5____REV16 = 0x28d
                0x00000291                        __asm___11_sch_alarm_c_3b4969f2____REV16 = 0x291
                0x00000295                        __asm___9_sch_arb_c_87561c0e____REV16 = 0x295
                0x00000299                        __asm___10_sch_plan_c_c0257ea0____REV16 = 0x299
                0x0000029d                        __asm___10_sch_prog_c_de24772c____REV16 = 0x29d
                0x000002a1                        __asm___11_sch_slice_c_de6dd3b5____REV16 = 0x2a1
                0x000002a5                        __asm___5_aes_c_aes_init____REV16 = 0x2a5
                0x000002a9                        __asm___9_aes_ccm_c_aes_ccm____REV16 = 0x2a9
                0x000002ad                        __asm___10_aes_cmac_c_fe47f34c____REV16 = 0x2ad
                0x000002b1                        __asm___8_aes_k1_c_aes_k1____REV16 = 0x2b1
                0x000002b5                        __asm___8_aes_k2_c_5cc4f012____REV16 = 0x2b5
                0x000002b9                        __asm___8_aes_k3_c_979823b7____REV16 = 0x2b9
                0x000002bd                        __asm___8_aes_k4_c_8a9d130f____REV16 = 0x2bd
                0x000002c1                        __asm___8_aes_s1_c_aes_s1____REV16 = 0x2c1
                0x000002c5                        __asm___9_co_list_c_ca99e89f____REV16 = 0x2c5
                0x000002c9                        __asm___10_co_utils_c_one_bits____REV16 = 0x2c9
                0x000002cd                        __asm___5_dbg_c_3a87ab48____REV16 = 0x2cd
                0x000002d1                        __asm___12_dbg_mwsgen_c____REV16 = 0x2d1
                0x000002d5                        __asm___12_dbg_swdiag_c____REV16 = 0x2d5
                0x000002d9                        __asm___10_dbg_task_c____REV16 = 0x2d9
                0x000002dd                        __asm___9_dbg_trc_c____REV16 = 0x2dd
                0x000002e1                        __asm___13_dbg_trc_mem_c____REV16 = 0x2e1
                0x000002e5                        __asm___12_dbg_trc_tl_c____REV16 = 0x2e5
                0x000002e9                        __asm___9_display_c____REV16 = 0x2e9
                0x000002ed                        __asm___14_display_task_c____REV16 = 0x2ed
                0x000002f1                        __asm___10_ecc_p256_c_8b173798____REV16 = 0x2f1
                0x000002f5                        __asm___6_h4tl_c_3a5732fe____REV16 = 0x2f5
                0x000002f9                        __asm___4_ke_c_ke_init____REV16 = 0x2f9
                0x000002fd                        __asm___10_ke_event_c_87ccd12c____REV16 = 0x2fd
                0x00000301                        __asm___8_ke_mem_c_f92e48dd____REV16 = 0x301
                0x00000305                        __asm___8_ke_msg_c_d502b297____REV16 = 0x305
                0x00000309                        __asm___10_ke_queue_c_5cab850e____REV16 = 0x309
                0x0000030d                        __asm___9_ke_task_c_18478d77____REV16 = 0x30d
                0x00000311                        __asm___10_ke_timer_c_3b621a08____REV16 = 0x311
                0x00000315                        __asm___6_nvds_c____REV16 = 0x315
                0x00000319                        __asm___9_rf_simu_c_82de3823____REV16 = 0x319
                0x0000031d                        __asm___6_rwip_c_f2b147fa____REV16 = 0x31d
                0x00000321                        __asm___13_rwip_driver_c_c12c84cf____REV16 = 0x321
                0x00000325                        __asm___11_co_printf_c_fputc____REV16 = 0x325
                0x00000329                        __asm___11_low_power_c_50b0e29e____REV16 = 0x329
                0x0000032d                        __asm___7_crc32_c_36f7c2a5____REV16 = 0x32d
                0x00000331                        __asm___5_md5_c_MD5_Init____REV16 = 0x331
                0x00000335                        __asm___11_arch_main_c_uart_api____REV16 = 0x335
                0x00000339                        __asm___12_jump_table_c_6a9c728e____REV16 = 0x339
                0x0000033d                        __asm___6_intc_c_189c7b66____REV16 = 0x33d
                0x00000341                        __asm___6_uart_c_988f2830____REV16 = 0x341
                0x00000345                        __asm___7_flash_c_1f9d869b____REV16 = 0x345
                0x00000349                        __asm___6_qspi_c_79b82d8e____REV16 = 0x349
                0x0000034d                        __asm___8_system_c_a51710b5____REV16 = 0x34d
                0x00000351                        __asm___6_gpio_c_a47c3f18____REV16 = 0x351
                0x00000355                        __asm___5_ssp_c_3d1cf05e____REV16 = 0x355
                0x00000359                        __asm___8_frspim_c_6e8f94f7____REV16 = 0x359
                0x0000035d                        __asm___5_pmu_c_7ed478f1____REV16 = 0x35d
                0x00000361                        __asm___9_apb2spi_c_a124e987____REV16 = 0x361
                0x00000365                        __asm___6_trng_c_36387bb2____REV16 = 0x365
                0x00000369                        __asm___6_list_c_a968f7cb____REV16 = 0x369
                0x0000036d                        __asm___7_queue_c_48e2f297____REV16 = 0x36d
                0x00000371                        __asm___7_tasks_c_f31043e3____REV16 = 0x371
                0x00000375                        __asm___8_timers_c_a20bbafd____REV16 = 0x375
                0x00000379                        __asm___14_event_groups_c_5f98c4ce____REV16 = 0x379
                0x0000037d                        __asm___8_heap_6_c_94e30ff9____REV16 = 0x37d
                0x00000381                        __asm___6_port_c_39a90d8d____REV16 = 0x381
                0x00000385                        __asm___20_freertos_interface_c_bc2b671d____REV16 = 0x385
                0x00000389                        __asm___10_app_boot_c_fcf06f29____REVSH = 0x389
                0x0000038d                        __asm___14_ble_util_buf_c_b8bf6b0e____REVSH = 0x38d
                0x00000391                        __asm___7_rwble_c_5e66ef03____REVSH = 0x391
                0x00000395                        __asm___5_llc_c_llc_init____REVSH = 0x395
                0x00000399                        __asm___15_llc_chmap_upd_c_ddac89ec____REVSH = 0x399
                0x0000039d                        __asm___13_llc_con_upd_c_de71abdd____REVSH = 0x39d
                0x000003a1                        __asm___9_llc_dbg_c____REVSH = 0x3a1
                0x000003a5                        __asm___16_llc_disconnect_c_67e9d540____REVSH = 0x3a5
                0x000003a9                        __asm___12_llc_dl_upd_c_553d3f21____REVSH = 0x3a9
                0x000003ad                        __asm___13_llc_encrypt_c_8159a054____REVSH = 0x3ad
                0x000003b1                        __asm___15_llc_feat_exch_c_6fa097ef____REVSH = 0x3b1
                0x000003b5                        __asm___9_llc_hci_c_996dc4b6____REVSH = 0x3b5
                0x000003b9                        __asm___13_llc_le_ping_c_434cc73c____REVSH = 0x3b9
                0x000003bd                        __asm___10_llc_llcp_c_1a9b13a9____REVSH = 0x3bd
                0x000003c1                        __asm___13_llc_phy_upd_c_0294cefd____REVSH = 0x3c1
                0x000003c5                        __asm___10_llc_task_c_30369c55____REVSH = 0x3c5
                0x000003c9                        __asm___14_llc_ver_exch_c_2771d0a7____REVSH = 0x3c9
                0x000003cd                        __asm___5_lld_c_f7832d1e____REVSH = 0x3cd
                0x000003d1                        __asm___9_lld_adv_c_9a148cc9____REVSH = 0x3d1
                0x000003d5                        __asm___9_lld_con_c_df553fb8____REVSH = 0x3d5
                0x000003d9                        __asm___10_lld_init_c_b391185e____REVSH = 0x3d9
                0x000003dd                        __asm___13_lld_per_adv_c_77b63e9a____REVSH = 0x3dd
                0x000003e1                        __asm___10_lld_scan_c_01456b52____REVSH = 0x3e1
                0x000003e5                        __asm___10_lld_sync_c_8bd34c56____REVSH = 0x3e5
                0x000003e9                        __asm___10_lld_test_c_54e5e101____REVSH = 0x3e9
                0x000003ed                        __asm___5_llm_c_52f69136____REVSH = 0x3ed
                0x000003f1                        __asm___9_llm_adv_c_2ca465c6____REVSH = 0x3f1
                0x000003f5                        __asm___9_llm_hci_c_20aee1fa____REVSH = 0x3f5
                0x000003f9                        __asm___10_llm_init_c_c210a516____REVSH = 0x3f9
                0x000003fd                        __asm___9_llm_iso_c____REVSH = 0x3fd
                0x00000401                        __asm___10_llm_scan_c_963e4937____REVSH = 0x401
                0x00000405                        __asm___10_llm_task_c_5d3df270____REVSH = 0x405
                0x00000409                        __asm___5_hci_c_hci_init____REVSH = 0x409
                0x0000040d                        __asm___8_hci_fc_c_fcf3c82e____REVSH = 0x40d
                0x00000411                        __asm___9_hci_msg_c_b5066cf5____REVSH = 0x411
                0x00000415                        __asm___8_hci_tl_c_9ce329a5____REVSH = 0x415
                0x00000419                        __asm___11_sch_alarm_c_3b4969f2____REVSH = 0x419
                0x0000041d                        __asm___9_sch_arb_c_87561c0e____REVSH = 0x41d
                0x00000421                        __asm___10_sch_plan_c_c0257ea0____REVSH = 0x421
                0x00000425                        __asm___10_sch_prog_c_de24772c____REVSH = 0x425
                0x00000429                        __asm___11_sch_slice_c_de6dd3b5____REVSH = 0x429
                0x0000042d                        __asm___5_aes_c_aes_init____REVSH = 0x42d
                0x00000431                        __asm___9_aes_ccm_c_aes_ccm____REVSH = 0x431
                0x00000435                        __asm___10_aes_cmac_c_fe47f34c____REVSH = 0x435
                0x00000439                        __asm___8_aes_k1_c_aes_k1____REVSH = 0x439
                0x0000043d                        __asm___8_aes_k2_c_5cc4f012____REVSH = 0x43d
                0x00000441                        __asm___8_aes_k3_c_979823b7____REVSH = 0x441
                0x00000445                        __asm___8_aes_k4_c_8a9d130f____REVSH = 0x445
                0x00000449                        __asm___8_aes_s1_c_aes_s1____REVSH = 0x449
                0x0000044d                        __asm___9_co_list_c_ca99e89f____REVSH = 0x44d
                0x00000451                        __asm___10_co_utils_c_one_bits____REVSH = 0x451
                0x00000455                        __asm___5_dbg_c_3a87ab48____REVSH = 0x455
                0x00000459                        __asm___12_dbg_mwsgen_c____REVSH = 0x459
                0x0000045d                        __asm___12_dbg_swdiag_c____REVSH = 0x45d
                0x00000461                        __asm___10_dbg_task_c____REVSH = 0x461
                0x00000465                        __asm___9_dbg_trc_c____REVSH = 0x465
                0x00000469                        __asm___13_dbg_trc_mem_c____REVSH = 0x469
                0x0000046d                        __asm___12_dbg_trc_tl_c____REVSH = 0x46d
                0x00000471                        __asm___9_display_c____REVSH = 0x471
                0x00000475                        __asm___14_display_task_c____REVSH = 0x475
                0x00000479                        __asm___10_ecc_p256_c_8b173798____REVSH = 0x479
                0x0000047d                        __asm___6_h4tl_c_3a5732fe____REVSH = 0x47d
                0x00000481                        __asm___4_ke_c_ke_init____REVSH = 0x481
                0x00000485                        __asm___10_ke_event_c_87ccd12c____REVSH = 0x485
                0x00000489                        __asm___8_ke_mem_c_f92e48dd____REVSH = 0x489
                0x0000048d                        __asm___8_ke_msg_c_d502b297____REVSH = 0x48d
                0x00000491                        __asm___10_ke_queue_c_5cab850e____REVSH = 0x491
                0x00000495                        __asm___9_ke_task_c_18478d77____REVSH = 0x495
                0x00000499                        __asm___10_ke_timer_c_3b621a08____REVSH = 0x499
                0x0000049d                        __asm___6_nvds_c____REVSH = 0x49d
                0x000004a1                        __asm___9_rf_simu_c_82de3823____REVSH = 0x4a1
                0x000004a5                        __asm___6_rwip_c_f2b147fa____REVSH = 0x4a5
                0x000004a9                        __asm___13_rwip_driver_c_c12c84cf____REVSH = 0x4a9
                0x000004ad                        __asm___11_co_printf_c_fputc____REVSH = 0x4ad
                0x000004b1                        __asm___11_low_power_c_50b0e29e____REVSH = 0x4b1
                0x000004b5                        __asm___7_crc32_c_36f7c2a5____REVSH = 0x4b5
                0x000004b9                        __asm___5_md5_c_MD5_Init____REVSH = 0x4b9
                0x000004bd                        __asm___11_arch_main_c_uart_api____REVSH = 0x4bd
                0x000004c1                        __asm___12_jump_table_c_6a9c728e____REVSH = 0x4c1
                0x000004c5                        __asm___6_intc_c_189c7b66____REVSH = 0x4c5
                0x000004c9                        __asm___6_uart_c_988f2830____REVSH = 0x4c9
                0x000004cd                        __asm___7_flash_c_1f9d869b____REVSH = 0x4cd
                0x000004d1                        __asm___6_qspi_c_79b82d8e____REVSH = 0x4d1
                0x000004d5                        __asm___8_system_c_a51710b5____REVSH = 0x4d5
                0x000004d9                        __asm___6_gpio_c_a47c3f18____REVSH = 0x4d9
                0x000004dd                        __asm___5_ssp_c_3d1cf05e____REVSH = 0x4dd
                0x000004e1                        __asm___8_frspim_c_6e8f94f7____REVSH = 0x4e1
                0x000004e5                        __asm___5_pmu_c_7ed478f1____REVSH = 0x4e5
                0x000004e9                        __asm___9_apb2spi_c_a124e987____REVSH = 0x4e9
                0x000004ed                        __asm___6_trng_c_36387bb2____REVSH = 0x4ed
                0x000004f1                        __asm___6_list_c_a968f7cb____REVSH = 0x4f1
                0x000004f5                        __asm___7_queue_c_48e2f297____REVSH = 0x4f5
                0x000004f9                        __asm___7_tasks_c_f31043e3____REVSH = 0x4f9
                0x000004fd                        __asm___8_timers_c_a20bbafd____REVSH = 0x4fd
                0x00000501                        __asm___14_event_groups_c_5f98c4ce____REVSH = 0x501
                0x00000505                        __asm___8_heap_6_c_94e30ff9____REVSH = 0x505
                0x00000509                        __asm___6_port_c_39a90d8d____REVSH = 0x509
                0x0000050d                        __asm___20_freertos_interface_c_bc2b671d____REVSH = 0x50d
                0x00000511                        __asm___10_app_boot_c_fcf06f29____RRX = 0x511
                0x00000519                        __asm___14_ble_util_buf_c_b8bf6b0e____RRX = 0x519
                0x00000521                        __asm___7_rwble_c_5e66ef03____RRX = 0x521
                0x00000529                        __asm___5_llc_c_llc_init____RRX = 0x529
                0x00000531                        __asm___15_llc_chmap_upd_c_ddac89ec____RRX = 0x531
                0x00000539                        __asm___13_llc_con_upd_c_de71abdd____RRX = 0x539
                0x00000541                        __asm___9_llc_dbg_c____RRX = 0x541
                0x00000549                        __asm___16_llc_disconnect_c_67e9d540____RRX = 0x549
                0x00000551                        __asm___12_llc_dl_upd_c_553d3f21____RRX = 0x551
                0x00000559                        __asm___13_llc_encrypt_c_8159a054____RRX = 0x559
                0x00000561                        __asm___15_llc_feat_exch_c_6fa097ef____RRX = 0x561
                0x00000569                        __asm___9_llc_hci_c_996dc4b6____RRX = 0x569
                0x00000571                        __asm___13_llc_le_ping_c_434cc73c____RRX = 0x571
                0x00000579                        __asm___10_llc_llcp_c_1a9b13a9____RRX = 0x579
                0x00000581                        __asm___13_llc_phy_upd_c_0294cefd____RRX = 0x581
                0x00000589                        __asm___10_llc_task_c_30369c55____RRX = 0x589
                0x00000591                        __asm___14_llc_ver_exch_c_2771d0a7____RRX = 0x591
                0x00000599                        __asm___5_lld_c_f7832d1e____RRX = 0x599
                0x000005a1                        __asm___9_lld_adv_c_9a148cc9____RRX = 0x5a1
                0x000005a9                        __asm___9_lld_con_c_df553fb8____RRX = 0x5a9
                0x000005b1                        __asm___10_lld_init_c_b391185e____RRX = 0x5b1
                0x000005b9                        __asm___13_lld_per_adv_c_77b63e9a____RRX = 0x5b9
                0x000005c1                        __asm___10_lld_scan_c_01456b52____RRX = 0x5c1
                0x000005c9                        __asm___10_lld_sync_c_8bd34c56____RRX = 0x5c9
                0x000005d1                        __asm___10_lld_test_c_54e5e101____RRX = 0x5d1
                0x000005d9                        __asm___5_llm_c_52f69136____RRX = 0x5d9
                0x000005e1                        __asm___9_llm_adv_c_2ca465c6____RRX = 0x5e1
                0x000005e9                        __asm___9_llm_hci_c_20aee1fa____RRX = 0x5e9
                0x000005f1                        __asm___10_llm_init_c_c210a516____RRX = 0x5f1
                0x000005f9                        __asm___9_llm_iso_c____RRX = 0x5f9
                0x00000601                        __asm___10_llm_scan_c_963e4937____RRX = 0x601
                0x00000609                        __asm___10_llm_task_c_5d3df270____RRX = 0x609
                0x00000611                        __asm___5_hci_c_hci_init____RRX = 0x611
                0x00000619                        __asm___8_hci_fc_c_fcf3c82e____RRX = 0x619
                0x00000621                        __asm___9_hci_msg_c_b5066cf5____RRX = 0x621
                0x00000629                        __asm___8_hci_tl_c_9ce329a5____RRX = 0x629
                0x00000631                        __asm___11_sch_alarm_c_3b4969f2____RRX = 0x631
                0x00000639                        __asm___9_sch_arb_c_87561c0e____RRX = 0x639
                0x00000641                        __asm___10_sch_plan_c_c0257ea0____RRX = 0x641
                0x00000649                        __asm___10_sch_prog_c_de24772c____RRX = 0x649
                0x00000651                        __asm___11_sch_slice_c_de6dd3b5____RRX = 0x651
                0x00000659                        __asm___5_aes_c_aes_init____RRX = 0x659
                0x00000661                        __asm___9_aes_ccm_c_aes_ccm____RRX = 0x661
                0x00000669                        __asm___10_aes_cmac_c_fe47f34c____RRX = 0x669
                0x00000671                        __asm___8_aes_k1_c_aes_k1____RRX = 0x671
                0x00000679                        __asm___8_aes_k2_c_5cc4f012____RRX = 0x679
                0x00000681                        __asm___8_aes_k3_c_979823b7____RRX = 0x681
                0x00000689                        __asm___8_aes_k4_c_8a9d130f____RRX = 0x689
                0x00000691                        __asm___8_aes_s1_c_aes_s1____RRX = 0x691
                0x00000699                        __asm___9_co_list_c_ca99e89f____RRX = 0x699
                0x000006a1                        __asm___10_co_utils_c_one_bits____RRX = 0x6a1
                0x000006a9                        __asm___5_dbg_c_3a87ab48____RRX = 0x6a9
                0x000006b1                        __asm___12_dbg_mwsgen_c____RRX = 0x6b1
                0x000006b9                        __asm___12_dbg_swdiag_c____RRX = 0x6b9
                0x000006c1                        __asm___10_dbg_task_c____RRX = 0x6c1
                0x000006c9                        __asm___9_dbg_trc_c____RRX = 0x6c9
                0x000006d1                        __asm___13_dbg_trc_mem_c____RRX = 0x6d1
                0x000006d9                        __asm___12_dbg_trc_tl_c____RRX = 0x6d9
                0x000006e1                        __asm___9_display_c____RRX = 0x6e1
                0x000006e9                        __asm___14_display_task_c____RRX = 0x6e9
                0x000006f1                        __asm___10_ecc_p256_c_8b173798____RRX = 0x6f1
                0x000006f9                        __asm___6_h4tl_c_3a5732fe____RRX = 0x6f9
                0x00000701                        __asm___4_ke_c_ke_init____RRX = 0x701
                0x00000709                        __asm___10_ke_event_c_87ccd12c____RRX = 0x709
                0x00000711                        __asm___8_ke_mem_c_f92e48dd____RRX = 0x711
                0x00000719                        __asm___8_ke_msg_c_d502b297____RRX = 0x719
                0x00000721                        __asm___10_ke_queue_c_5cab850e____RRX = 0x721
                0x00000729                        __asm___9_ke_task_c_18478d77____RRX = 0x729
                0x00000731                        __asm___10_ke_timer_c_3b621a08____RRX = 0x731
                0x00000739                        __asm___6_nvds_c____RRX = 0x739
                0x00000741                        __asm___9_rf_simu_c_82de3823____RRX = 0x741
                0x00000749                        __asm___6_rwip_c_f2b147fa____RRX = 0x749
                0x00000751                        __asm___13_rwip_driver_c_c12c84cf____RRX = 0x751
                0x00000759                        __asm___11_co_printf_c_fputc____RRX = 0x759
                0x00000761                        __asm___11_low_power_c_50b0e29e____RRX = 0x761
                0x00000769                        __asm___7_crc32_c_36f7c2a5____RRX = 0x769
                0x00000771                        __asm___5_md5_c_MD5_Init____RRX = 0x771
                0x00000779                        __asm___11_arch_main_c_uart_api____RRX = 0x779
                0x00000781                        __asm___12_jump_table_c_6a9c728e____RRX = 0x781
                0x00000789                        __asm___6_intc_c_189c7b66____RRX = 0x789
                0x00000791                        __asm___6_uart_c_988f2830____RRX = 0x791
                0x00000799                        __asm___7_flash_c_1f9d869b____RRX = 0x799
                0x000007a1                        __asm___6_qspi_c_79b82d8e____RRX = 0x7a1
                0x000007a9                        __asm___8_system_c_a51710b5____RRX = 0x7a9
                0x000007b1                        __asm___6_gpio_c_a47c3f18____RRX = 0x7b1
                0x000007b9                        __asm___5_ssp_c_3d1cf05e____RRX = 0x7b9
                0x000007c1                        __asm___8_frspim_c_6e8f94f7____RRX = 0x7c1
                0x000007c9                        __asm___5_pmu_c_7ed478f1____RRX = 0x7c9
                0x000007d1                        __asm___9_apb2spi_c_a124e987____RRX = 0x7d1
                0x000007d9                        __asm___6_trng_c_36387bb2____RRX = 0x7d9
                0x000007e1                        __asm___6_list_c_a968f7cb____RRX = 0x7e1
                0x000007e9                        __asm___7_queue_c_48e2f297____RRX = 0x7e9
                0x000007f1                        __asm___7_tasks_c_f31043e3____RRX = 0x7f1
                0x000007f9                        __asm___8_timers_c_a20bbafd____RRX = 0x7f9
                0x00000801                        __asm___14_event_groups_c_5f98c4ce____RRX = 0x801
                0x00000809                        __asm___8_heap_6_c_94e30ff9____RRX = 0x809
                0x00000811                        __asm___6_port_c_39a90d8d____RRX = 0x811
                0x00000819                        __asm___20_freertos_interface_c_bc2b671d____RRX = 0x819
                0x00000821                        Reset_Handler = 0x821
                0x00000853                        set_handlemode_sp = 0x853
                0x00000859                        NMI_Handler = 0x859
                0x0000085b                        HardFault_Handler = 0x85b
                0x0000085d                        MemManage_Handler = 0x85d
                0x0000085f                        BusFault_Handler = 0x85f
                0x00000861                        UsageFault_Handler = 0x861
                0x00000865                        DebugMon_Handler = 0x865
                0x0000086b                        EXTI0_Handler = 0x86b
                0x0000086d                        EXTI1_Handler = 0x86d
                0x0000086f                        EXTI2_Handler = 0x86f
                0x00000871                        EXTI3_Handler = 0x871
                0x00000873                        EXTI4_Handler = 0x873
                0x00000875                        ext_int_isr = 0x875
                0x00000879                        i2s_isr = 0x879
                0x0000087b                        pdm_isr = 0x87b
                0x00000881                        CPU_SR_Save = 0x881
                0x00000891                        CPU_SR_Restore = 0x891
                0x00000897                        GLOBAL_INT_STOP = 0x897
                0x0000089b                        GLOBAL_INT_START = 0x89b
                0x000008a1                        rand = 0x8a1
                0x000008b5                        srand = 0x8b5
                0x000008c5                        __aeabi_memcpy = 0x8c5
                0x000008c5                        __aeabi_memcpy4 = 0x8c5
                0x000008c5                        __aeabi_memcpy8 = 0x8c5
                0x000008e9                        __aeabi_memset = 0x8e9
                0x000008e9                        __aeabi_memset4 = 0x8e9
                0x000008e9                        __aeabi_memset8 = 0x8e9
                0x000008f7                        __aeabi_memclr = 0x8f7
                0x000008f7                        __aeabi_memclr4 = 0x8f7
                0x000008f7                        __aeabi_memclr8 = 0x8f7
                0x000008fb                        _memset$wrapper = 0x8fb
                0x000008fb                        memset = 0x8fb
                0x0000090d                        memcmp = 0x90d
                0x00000929                        __scatterload = 0x929
                0x00000929                        __scatterload_rt2 = 0x929
                0x0000094d                        __decompress = 0x94d
                0x0000094d                        __decompress0 = 0x94d
                0x00000989                        Add2SelfBigHex256 = 0x989
                0x000009d1                        AddBigHex256 = 0x9d1
                0x00000a1d                        AddBigHexModP256 = 0xa1d
                0x00000a6d                        AddP256 = 0xa6d
                0x00000a99                        AddPdiv2_256 = 0xa99
                0x00000bad                        FPB_CompSet = 0xbad
                0x00000bd5                        GF_Jacobian_Point_Addition256 = 0xbd5
                0x00000f91                        GF_Jacobian_Point_Double256 = 0xf91
                0x00001109                        GF_Point_Jacobian_To_Affine256 = 0x1109
                0x00001135                        MD5_Final = 0x1135
                0x0000120d                        MD5_Init = 0x120d
                0x00001231                        MD5_Update = 0x1231
                0x000012ad                        MultiplyBigHexByUint32_256 = 0x12ad
                0x000012f1                        MultiplyBigHexModP256 = 0x12f1
                0x00001431                        MultiplyByU32ModP256 = 0x1431
                0x00001461                        NVIC_DisableIRQ = 0x1461
                0x0000147b                        NVIC_EnableIRQ = 0x147b
                0x00001495                        NVIC_SetPriority = 0x1495
                0x000014d5                        SubtractBigHex256 = 0x14d5
                0x00001529                        SubtractBigHexMod256 = 0x1529
                0x00001611                        SubtractBigHexUint32_256 = 0x1611
                0x00001667                        SubtractFromSelfBigHex256 = 0x1667
                0x000016b9                        SubtractFromSelfBigHexSign256 = 0x16b9
                0x00001775                        SysTick_Handler = 0x1775
                0x000017a1                        __scatterload_copy = 0x17a1
                0x000017af                        __scatterload_null = 0x17af
                0x000017b1                        __scatterload_zeroinit = 0x17b1
                0x000017bf                        aes_alloc = 0x17bf
                0x000017d5                        aes_ccm = 0x17d5
                0x00001b05                        aes_cmac = 0x1b05
                0x00001b31                        aes_cmac_continue = 0x1b31
                0x00001c75                        aes_cmac_start = 0x1c75
                0x00001cad                        aes_encrypt = 0x1cad
                0x00001d01                        aes_init = 0x1d01
                0x00001d29                        aes_k1 = 0x1d29
                0x00001da1                        aes_k2 = 0x1da1
                0x00001ec5                        aes_k3 = 0x1ec5
                0x00001f31                        aes_k4 = 0x1f31
                0x00001fa5                        aes_rand = 0x1fa5
                0x00001fd5                        aes_result_handler = 0x1fd5
                0x0000202d                        aes_s1 = 0x202d
                0x00002051                        aes_shift_left_128 = 0x2051
                0x00002075                        aes_start = 0x2075
                0x000020b1                        aes_xor_128 = 0x20b1
                0x000020c9                        apb2spi_init = 0x20c9
                0x000020dd                        apb2spi_read = 0x20dd
                0x00002145                        apb2spi_write = 0x2145
                0x000021a5                        app_boot = 0x21a5
                0x00002241                        app_boot_detect_storage_type = 0x2241
                0x00002261                        app_boot_get_buffer = 0x2261
                0x00002269                        app_boot_get_storage_type = 0x2269
                0x00002279                        app_boot_host_comm = 0x2279
                0x000022ed                        app_boot_host_comm_loop = 0x22ed
                0x00002351                        app_boot_init = 0x2351
                0x00002399                        app_boot_load = 0x2399
                0x0000240d                        app_boot_load_data = 0x240d
                0x00002439                        app_boot_process_cmd = 0x2439
                0x000026c1                        app_boot_save_data = 0x26c1
                0x000026e1                        app_boot_send_rsp = 0x26e1
                0x000026f1                        app_boot_serial_gets = 0x26f1
                0x00002735                        app_boot_set_storage_type = 0x2735
                0x00002749                        bigHexInversion256 = 0x2749
                0x00002965                        ble_util_buf_acl_tx_alloc = 0x2965
                0x0000297d                        ble_util_buf_acl_tx_elt_get = 0x297d
                0x000029a5                        ble_util_buf_acl_tx_free = 0x29a5
                0x000029d1                        ble_util_buf_adv_tx_alloc = 0x29d1
                0x000029e5                        ble_util_buf_adv_tx_free = 0x29e5
                0x00002a11                        ble_util_buf_advexthdr_alloc = 0x2a11
                0x00002a75                        ble_util_buf_advexthdr_free = 0x2a75
                0x00002ab9                        ble_util_buf_init = 0x2ab9
                0x00002c25                        ble_util_buf_init_env = 0x2c25
                0x00002c35                        ble_util_buf_llcp_tx_alloc = 0x2c35
                0x00002c41                        ble_util_buf_llcp_tx_free = 0x2c41
                0x00002c65                        ble_util_buf_rx_alloc = 0x2c65
                0x00002c8d                        ble_util_buf_rx_free = 0x2c8d
                0x000034a7                        co_bdaddr_compare = 0x34a7
                0x000034c3                        co_ble_pkt_dur_in_us = 0x34c3
                0x0000358d                        co_list_extract = 0x358d
                0x000035bd                        co_list_extract_after = 0x35bd
                0x000035d5                        co_list_extract_sublist = 0x35d5
                0x000035e9                        co_list_find = 0x35e9
                0x000035ff                        co_list_init = 0x35ff
                0x00003607                        co_list_insert_after = 0x3607
                0x00003631                        co_list_insert_before = 0x3631
                0x00003659                        co_list_merge = 0x3659
                0x00003671                        co_list_pool_init = 0x3671
                0x000036d5                        co_list_pop_front = 0x36d5
                0x000036e9                        co_list_push_back = 0x36e9
                0x000036fd                        co_list_push_back_sublist = 0x36fd
                0x00003711                        co_list_push_front = 0x3711
                0x0000371d                        co_list_size = 0x371d
                0x00003731                        co_nb_good_le_channels = 0x3731
                0x00003759                        co_printf = 0x3759
                0x0000376d                        co_sprintf = 0x376d
                0x00003781                        co_util_pack = 0x3781
                0x00003963                        co_util_unpack = 0x3963
                0x00003b21                        crc32 = 0x3b21
                0x00003bd5                        dbg_platform_reset_complete = 0x3bd5
                0x00003c09                        divideByTwo256 = 0x3c09
                0x00003c49                        dl_upd_proc_start = 0x3c49
                0x00003cbd                        eTaskConfirmSleepModeStatus = 0x3cbd
                0x00003ced                        ecc_abort_key256_generation = 0x3ced
                0x00003d39                        ecc_gen_new_public_key = 0x3d39
                0x00003d55                        ecc_gen_new_secret_key = 0x3d55
                0x00003e45                        ecc_generate_key256 = 0x3e45
                0x000040f1                        ecc_get_debug_Keys = 0x40f1
                0x00004119                        ecc_init = 0x4119
                0x000046a5                        em_ble_generate_base_address_table = 0x46a5
                0x00004755                        flash_enter_deep_sleep = 0x4755
                0x000047e9                        flash_exit_deep_sleep = 0x47e9
                0x00004809                        flash_read = 0x4809
                0x00004871                        flash_read_status = 0x4871
                0x00004951                        flash_write_status = 0x4951
                0x0000499d                        fputc = 0x499d
                0x000049ed                        freertos_baseband_restore_done = 0x49ed
                0x00004a8d                        frspim_init = 0x4a8d
                0x00004b51                        get_crc_table = 0x4b51
                0x00004b59                        get_stack_limit = 0x4b59
                0x00004b65                        get_stack_usage = 0x4b65
                0x00004b79                        gpio_get_pin_value = 0x4b79
                0x00004bb5                        gpio_set_dir = 0x4bb5
                0x00004c09                        gpio_set_pin_value = 0x4c09
                0x00004d2d                        h4tl_init = 0x4d2d
                0x00004f05                        h4tl_start = 0x4f05
                0x00004f25                        h4tl_stop = 0x4f25
                0x0000501d                        h4tl_write = 0x501d
                0x00005071                        hci_acl_data_handler = 0x5071
                0x00005111                        hci_acl_tx_data_alloc = 0x5111
                0x0000517d                        hci_acl_tx_data_received = 0x517d
                0x000051d1                        hci_basic_cmd_send_2_controller = 0x51d1
                0x000052a9                        hci_ble_conhdl_register = 0x52a9
                0x000052b9                        hci_ble_conhdl_unregister = 0x52b9
                0x0000539b                        hci_cmd_get_max_param_size = 0x539b
                0x000053ad                        hci_cmd_received = 0x53ad
                0x000055bd                        hci_command_handler = 0x55bd
                0x000055f1                        hci_disconnect_cmd_handler = 0x55f1
                0x00005705                        hci_evt_mask_set = 0x5705
                0x00005755                        hci_fc_acl_buf_size_set = 0x5755
                0x00005769                        hci_fc_acl_en = 0x5769
                0x000057a1                        hci_fc_acl_packet_sent = 0x57a1
                0x000057b5                        hci_fc_check_host_available_nb_acl_packets = 0x57b5
                0x000057d9                        hci_fc_host_nb_acl_pkts_complete = 0x57d9
                0x000057f1                        hci_fc_init = 0x57f1
                0x000058f1                        hci_init = 0x58f1
                0x00005939                        hci_le_add_dev_to_per_adv_list_cmd_handler = 0x5939
                0x00005c79                        hci_le_clear_adv_sets_cmd_handler = 0x5c79
                0x00005d05                        hci_le_clear_per_adv_list_cmd_handler = 0x5d05
                0x00005e09                        hci_le_con_upd_cmd_handler = 0x5e09
                0x00005f29                        hci_le_create_con_cancel_cmd_handler = 0x5f29
                0x00005fa1                        hci_le_create_con_cmd_handler = 0x5fa1
                0x0000660d                        hci_le_ext_create_con_cmd_handler = 0x660d
                0x00006b3d                        hci_le_ltk_req_neg_reply_cmd_handler = 0x6b3d
                0x00006bcd                        hci_le_ltk_req_reply_cmd_handler = 0x6bcd
                0x00006c45                        hci_le_per_adv_create_sync_cancel_cmd_handler = 0x6c45
                0x00006cc9                        hci_le_per_adv_create_sync_cmd_handler = 0x6cc9
                0x00006d95                        hci_le_per_adv_term_sync_cmd_handler = 0x6d95
                0x00006e39                        hci_le_rd_adv_ch_tx_pw_cmd_handler = 0x6e39
                0x00006ebd                        hci_le_rd_chnl_map_cmd_handler = 0x6ebd
                0x00006fe1                        hci_le_rd_max_adv_data_len_cmd_handler = 0x6fe1
                0x00007061                        hci_le_rd_nb_supp_adv_sets_cmd_handler = 0x7061
                0x00007105                        hci_le_rd_per_adv_list_size_cmd_handler = 0x7105
                0x0000713d                        hci_le_rd_phy_cmd_handler = 0x713d
                0x0000718d                        hci_le_rd_rem_feats_cmd_handler = 0x718d
                0x00007349                        hci_le_rem_con_param_req_neg_reply_cmd_handler = 0x7349
                0x000073a9                        hci_le_rem_con_param_req_reply_cmd_handler = 0x73a9
                0x00007435                        hci_le_rmv_adv_set_cmd_handler = 0x7435
                0x000074a9                        hci_le_rmv_dev_from_per_adv_list_cmd_handler = 0x74a9
                0x00007691                        hci_le_set_adv_data_cmd_handler = 0x7691
                0x00007769                        hci_le_set_adv_en_cmd_handler = 0x7769
                0x00007979                        hci_le_set_adv_param_cmd_handler = 0x7979
                0x00007ad9                        hci_le_set_adv_set_rand_addr_cmd_handler = 0x7ad9
                0x00007b59                        hci_le_set_data_len_cmd_handler = 0x7b59
                0x00007cd9                        hci_le_set_ext_adv_data_cmd_handler = 0x7cd9
                0x00007edd                        hci_le_set_ext_adv_en_cmd_handler = 0x7edd
                0x000083cd                        hci_le_set_ext_adv_param_cmd_handler = 0x83cd
                0x000085c5                        hci_le_set_ext_scan_en_cmd_handler = 0x85c5
                0x00008865                        hci_le_set_ext_scan_param_cmd_handler = 0x8865
                0x00008a91                        hci_le_set_ext_scan_rsp_data_cmd_handler = 0x8a91
                0x00008c8d                        hci_le_set_per_adv_data_cmd_handler = 0x8c8d
                0x00008e19                        hci_le_set_per_adv_en_cmd_handler = 0x8e19
                0x00008fc5                        hci_le_set_per_adv_param_cmd_handler = 0x8fc5
                0x000090c5                        hci_le_set_phy_cmd_handler = 0x90c5
                0x000092a1                        hci_le_set_scan_en_cmd_handler = 0x92a1
                0x000094b9                        hci_le_set_scan_param_cmd_handler = 0x94b9
                0x000095f9                        hci_le_set_scan_rsp_data_cmd_handler = 0x95f9
                0x000096d1                        hci_le_start_enc_cmd_handler = 0x96d1
                0x000098a9                        hci_look_for_cmd_desc = 0x98a9
                0x000098f9                        hci_look_for_evt_desc = 0x98f9
                0x00009921                        hci_look_for_le_evt_desc = 0x9921
                0x00009985                        hci_rd_auth_payl_to_cmd_handler = 0x9985
                0x00009a99                        hci_rd_rem_ver_info_cmd_handler = 0x9a99
                0x00009b29                        hci_rd_rssi_cmd_handler = 0x9b29
                0x00009b95                        hci_rd_tx_pwr_lvl_cmd_handler = 0x9b95
                0x00009c25                        hci_send_2_controller = 0x9c25
                0x00009c9d                        hci_send_2_host = 0x9c9d
                0x00009dc9                        hci_tl_init = 0x9dc9
                0x00009df5                        hci_tl_send = 0x9df5
                0x0000a009                        hci_vs_set_pref_slave_latency_cmd_handler = 0xa009
                0x0000a04d                        hci_wr_auth_payl_to_cmd_handler = 0xa04d
                0x0000a121                        intc_init = 0xa121
                0x0000a1d5                        ke_check_malloc = 0xa1d5
                0x0000a259                        ke_event_callback_set = 0xa259
                0x0000a271                        ke_event_clear = 0xa271
                0x0000a299                        ke_event_flush = 0xa299
                0x0000a2a5                        ke_event_get = 0xa2a5
                0x0000a2cd                        ke_event_get_all = 0xa2cd
                0x0000a2d9                        ke_event_init = 0xa2d9
                0x0000a2e5                        ble_stack_schedule = 0xa2e5
                0x0000a329                        ke_event_set = 0xa329
                0x0000a369                        ke_flush = 0xa369
                0x0000a3a5                        ke_free = 0xa3a5
                0x0000a475                        ke_get_mem_usage = 0xa475
                0x0000a485                        ke_init = 0xa485
                0x0000a4b9                        ke_is_free = 0xa4b9
                0x0000a4cd                        ke_malloc = 0xa4cd
                0x0000a5a1                        ke_mem_init = 0xa5a1
                0x0000a5f1                        ke_mem_is_empty = 0xa5f1
                0x0000a625                        ke_msg_alloc = 0xa625
                0x0000a65b                        ke_msg_dest_id_get = 0xa65b
                0x0000a661                        ke_msg_discard = 0xa661
                0x0000a665                        ke_msg_forward = 0xa665
                0x0000a671                        ke_msg_forward_new_id = 0xa671
                0x0000a683                        ke_msg_free = 0xa683
                0x0000a687                        ke_msg_in_queue = 0xa687
                0x0000a693                        ke_msg_save = 0xa693
                0x0000a699                        ke_msg_send = 0xa699
                0x0000a6c5                        ke_msg_send_basic = 0xa6c5
                0x0000a6d5                        ke_msg_src_id_get = 0xa6d5
                0x0000a6db                        ke_queue_extract = 0xa6db
                0x0000a719                        ke_queue_insert = 0xa719
                0x0000a749                        ke_sleep_check = 0xa749
                0x0000a759                        ke_state_get = 0xa759
                0x0000a789                        ke_state_set = 0xa789
                0x0000a7c9                        ke_task_check = 0xa7c9
                0x0000a7f5                        ke_task_create = 0xa7f5
                0x0000a8d1                        ke_task_init = 0xa8d1
                0x0000a8e9                        ke_task_msg_flush = 0xa8e9
                0x0000aa09                        ke_time = 0xaa09
                0x0000aa45                        ke_timer_active = 0xaa45
                0x0000aa6d                        ke_timer_adjust_all = 0xaa6d
                0x0000aa85                        ke_timer_clear = 0xaa85
                0x0000aaed                        ke_timer_init = 0xaaed
                0x0000ab4d                        ke_timer_set = 0xab4d
                0x0000abf9                        ll_channel_map_ind_handler = 0xabf9
                0x0000ac89                        ll_connection_param_req_handler = 0xac89
                0x0000ad61                        ll_connection_param_rsp_handler = 0xad61
                0x0000adf1                        ll_connection_update_ind_handler = 0xadf1
                0x0000af09                        ll_enc_req_handler = 0xaf09
                0x0000afc5                        ll_enc_rsp_handler = 0xafc5
                0x0000b031                        ll_feature_req_handler = 0xb031
                0x0000b0a1                        ll_feature_rsp_handler = 0xb0a1
                0x0000b0f1                        ll_length_req_handler = 0xb0f1
                0x0000b145                        ll_length_rsp_handler = 0xb145
                0x0000b1c1                        ll_min_used_channels_ind_handler = 0xb1c1
                0x0000b245                        ll_pause_enc_req_handler = 0xb245
                0x0000b2b1                        ll_pause_enc_rsp_handler = 0xb2b1
                0x0000b309                        ll_phy_req_handler = 0xb309
                0x0000b3b9                        ll_phy_rsp_handler = 0xb3b9
                0x0000b431                        ll_phy_update_ind_handler = 0xb431
                0x0000b4bf                        ll_ping_req_handler = 0xb4bf
                0x0000b4d3                        ll_ping_rsp_handler = 0xb4d3
                0x0000b52f                        ll_slave_feature_req_handler = 0xb52f
                0x0000b535                        ll_start_enc_req_handler = 0xb535
                0x0000b585                        ll_start_enc_rsp_handler = 0xb585
                0x0000b5d5                        ll_terminate_ind_handler = 0xb5d5
                0x0000b621                        ll_version_ind_handler = 0xb621
                0x0000b6b1                        llc_auth_payl_nearly_to_handler = 0xb6b1
                0x0000b715                        llc_auth_payl_real_to_handler = 0xb715
                0x0000b7a1                        llc_cleanup = 0xb7a1
                0x0000b809                        llc_cmd_cmp_send = 0xb809
                0x0000b829                        llc_cmd_stat_send = 0xb829
                0x0000b845                        llc_con_move_cbk = 0xb845
                0x0000b97d                        llc_disconnect = 0xb97d
                0x0000ba8d                        llc_encrypt_ind_handler = 0xba8d
                0x0000bdf1                        llc_init = 0xbdf1
                0x0000be4d                        llc_init_term_proc = 0xbe4d
                0x0000bf09                        llc_le_ping_restart = 0xbf09
                0x0000bf45                        llc_le_ping_set = 0xbf45
                0x0000bfe9                        llc_ll_reject_ind_pdu_send = 0xbfe9
                0x0000c08d                        llc_llcp_send = 0xc08d
                0x0000c10d                        llc_llcp_state_set = 0xc10d
                0x0000c1c1                        llc_llcp_tx_check = 0xc1c1
                0x0000cee1                        llc_op_ch_map_upd_ind_handler = 0xcee1
                0x0000cf45                        llc_op_con_upd_ind_handler = 0xcf45
                0x0000cfd9                        llc_op_disconnect_ind_handler = 0xcfd9
                0x0000d049                        llc_op_dl_upd_ind_handler = 0xd049
                0x0000d0b9                        llc_op_encrypt_ind_handler = 0xd0b9
                0x0000d11d                        llc_op_feats_exch_ind_handler = 0xd11d
                0x0000d185                        llc_op_le_ping_ind_handler = 0xd185
                0x0000d1d9                        llc_op_phy_upd_ind_handler = 0xd1d9
                0x0000d261                        llc_op_ver_exch_ind_handler = 0xd261
                0x0000d3f5                        llc_proc_collision_check = 0xd3f5
                0x0000d41d                        llc_proc_err_ind = 0xd41d
                0x0000d44d                        llc_proc_get = 0xd44d
                0x0000d465                        llc_proc_id_get = 0xd465
                0x0000d481                        llc_proc_reg = 0xd481
                0x0000d4b5                        llc_proc_state_get = 0xd4b5
                0x0000d4b9                        llc_proc_state_set = 0xd4b9
                0x0000d4bd                        llc_proc_timer_pause_set = 0xd4bd
                0x0000d519                        llc_proc_timer_set = 0xd519
                0x0000d571                        llc_proc_unreg = 0xd571
                0x0000dde9                        llc_start = 0xdde9
                0x0000df85                        llc_stop = 0xdf85
                0x0000dfb9                        llc_stopped_ind_handler = 0xdfb9
                0x0000e091                        lld_aa_gen = 0xe091
                0x0000e10d                        lld_acl_rx_ind_handler = 0xe10d
                0x0000e191                        lld_acl_tx_cfm_handler = 0xe191
                0x0000e265                        lld_adv_adv_data_update = 0xe265
                0x0000e529                        lld_adv_duration_update = 0xe529
                0x0000e5fd                        lld_adv_end_ind_handler = 0xe5fd
                0x0000f995                        lld_adv_init = 0xf995
                0x0000fd1d                        lld_adv_rand_addr_update = 0xfd1d
                0x0000fd89                        lld_adv_rep_ind_handler = 0xfd89
                0x00010235                        lld_adv_restart = 0x10235
                0x00010391                        lld_adv_scan_rsp_data_update = 0x10391
                0x000103d5                        lld_adv_start = 0x103d5
                0x00010ac1                        lld_adv_stop = 0x10ac1
                0x00010cdd                        lld_adv_sync_info_update = 0x10cdd
                0x00010d0d                        lld_calc_aux_rx = 0x10d0d
                0x00010e29                        lld_ch_assess_data_get = 0x10e29
                0x00010e31                        lld_ch_map_upd_cfm_handler = 0x10e31
                0x00010e69                        lld_channel_assess = 0x10e69
                0x00010e99                        lld_con_activity_act_offset_compute = 0x10e99
                0x00010f4d                        lld_con_activity_offset_compute = 0x10f4d
                0x00010fdd                        lld_con_ch_map_update = 0x10fdd
                0x00011105                        lld_con_current_tx_power_get = 0x11105
                0x0001115d                        lld_con_data_flow_set = 0x1115d
                0x00011211                        lld_con_data_len_update = 0x11211
                0x00011269                        lld_con_data_tx = 0x11269
                0x00011319                        lld_con_enc_key_load = 0x11319
                0x000113d5                        lld_con_estab_ind_handler = 0x113d5
                0x000113fd                        lld_con_event_counter_get = 0x113fd
                0x00011421                        lld_con_evt_canceled_cbk = 0x11421
                0x00011461                        lld_con_evt_start_cbk = 0x11461
                0x00011651                        lld_con_evt_time_update = 0x11651
                0x000118b9                        lld_con_init = 0x118b9
                0x000118f5                        lld_con_llcp_tx = 0x118f5
                0x00011999                        lld_con_max_lat_calc = 0x11999
                0x000119f9                        lld_con_offset_get = 0x119f9
                0x00011a3d                        lld_con_offset_upd_ind_handler = 0x11a3d
                0x00011a81                        lld_con_param_upd_cfm_handler = 0x11a81
                0x00011aed                        lld_con_param_update = 0x11aed
                0x00011b75                        lld_con_phys_update = 0x11b75
                0x00011bdd                        lld_con_pref_slave_latency_set = 0x11bdd
                0x00011c0d                        lld_con_rssi_get = 0x11c0d
                0x00011ebd                        lld_con_rx_enc = 0x11ebd
                0x00011f05                        lld_con_sched = 0x11f05
                0x00012239                        lld_con_start = 0x12239
                0x000125f5                        lld_con_stop = 0x125f5
                0x00012761                        lld_con_tx_enc = 0x12761
                0x000127f5                        lld_con_tx_len_update_for_intv = 0x127f5
                0x00012839                        lld_con_tx_len_update_for_rate = 0x12839
                0x00012c15                        lld_disc_ind_handler = 0x12c15
                0x00012c51                        lld_init = 0x12c51
                0x00012d37                        lld_init_connect_req_pack = 0x12d37
                0x00012e65                        lld_init_end_ind_handler = 0x12e65
                0x0001342d                        lld_init_init = 0x1342d
                0x00013c31                        lld_init_start = 0x13c31
                0x0001431d                        lld_init_stop = 0x1431d
                0x000143cd                        lld_llcp_rx_ind_handler = 0x143cd
                0x00014531                        lld_llcp_tx_cfm_handler = 0x14531
                0x00014575                        lld_per_adv_ch_map_update = 0x14575
                0x000147a5                        lld_per_adv_data_update = 0x147a5
                0x000147e9                        lld_per_adv_end_ind_handler = 0x147e9
                0x00014ed9                        lld_per_adv_init = 0x14ed9
                0x00014f15                        lld_per_adv_init_info_get = 0x14f15
                0x00014f5d                        lld_per_adv_list_add = 0x14f5d
                0x00015005                        lld_per_adv_list_rem = 0x15005
                0x0001507d                        lld_per_adv_rep_ind_handler = 0x1507d
                0x00015365                        lld_per_adv_rx_end_ind_handler = 0x15365
                0x00015541                        lld_per_adv_start = 0x15541
                0x000157b1                        lld_per_adv_stop = 0x157b1
                0x00015841                        lld_per_adv_sync_info_get = 0x15841
                0x0001589d                        lld_phy_upd_cfm_handler = 0x1589d
                0x000158d5                        lld_ral_search = 0x158d5
                0x00015935                        lld_read_clock = 0x15935
                0x00015941                        lld_res_list_add = 0x15941
                0x00015a49                        lld_res_list_clear = 0x15a49
                0x00015a7d                        lld_res_list_is_empty = 0x15a7d
                0x00015ab5                        lld_res_list_local_rpa_get = 0x15ab5
                0x00015af9                        lld_res_list_peer_check = 0x15af9
                0x00015b31                        lld_res_list_peer_rpa_get = 0x15b31
                0x00015b75                        lld_res_list_peer_update = 0x15b75
                0x00015bb1                        lld_res_list_priv_mode_update = 0x15bb1
                0x00015bf9                        lld_res_list_rem = 0x15bf9
                0x00015c31                        lld_rpa_renew = 0x15c31
                0x00015d7d                        lld_rxdesc_check = 0x15d7d
                0x00015db5                        lld_rxdesc_free = 0x15db5
                0x00015e15                        lld_scan_create_sync = 0x15e15
                0x00015e55                        lld_scan_create_sync_cancel = 0x15e55
                0x00015f35                        lld_scan_end_ind_handler = 0x15f35
                0x00016255                        lld_scan_init = 0x16255
                0x00016295                        lld_scan_params_update = 0x16295
                0x00016c05                        lld_scan_req_ind_handler = 0x16c05
                0x00016c51                        lld_scan_restart = 0x16c51
                0x00016fe9                        lld_scan_start = 0x16fe9
                0x000174b1                        lld_scan_stop = 0x174b1
                0x00017669                        lld_sync_ch_map_update = 0x17669
                0x000178b9                        lld_sync_init = 0x178b9
                0x00017ead                        lld_sync_start = 0x17ead
                0x000180a5                        lld_sync_start_req_handler = 0x180a5
                0x000181a1                        lld_sync_stop = 0x181a1
                0x0001822d                        lld_test_end_ind_handler = 0x1822d
                0x00018395                        lld_test_init = 0x18395
                0x000183a9                        lld_test_start = 0x183a9
                0x00018611                        lld_test_stop = 0x18611
                0x000186c1                        lld_white_list_add = 0x186c1
                0x00018759                        lld_white_list_rem = 0x18759
                0x000187d1                        llm_activity_free_get = 0x187d1
                0x00018835                        llm_activity_free_set = 0x18835
                0x000188b5                        llm_adv_hdl_to_id = 0x188b5
                0x00018ae1                        llm_ch_map_update = 0x18ae1
                0x00018c31                        llm_ch_map_update_ind_handler = 0x18c31
                0x00018c9d                        llm_cmd_cmp_send = 0x18c9d
                0x00018cb9                        llm_cmd_stat_send = 0x18cb9
                0x00018cd5                        llm_dev_list_empty_entry = 0x18cd5
                0x00018cf9                        llm_dev_list_search = 0x18cf9
                0x00018d99                        llm_hci_command_handler = 0x18d99
                0x00018dcd                        llm_init = 0x18dcd
                0x00018efd                        llm_init_act_info_buf = 0x18efd
                0x00018f09                        llm_is_dev_connected = 0x18f09
                0x00018f79                        llm_is_dev_synced = 0x18f79
                0x00019099                        llm_le_evt_mask_check = 0x19099
                0x000190b9                        llm_le_features_get = 0x190b9
                0x000190c1                        llm_link_disc = 0x190c1
                0x00019135                        llm_master_ch_map_get = 0x19135
                0x00019189                        llm_plan_elt_get = 0x19189
                0x00019215                        llm_rx_path_comp_get = 0x19215
                0x00019221                        llm_scan_sync_acad_attach = 0x19221
                0x00019265                        llm_tx_path_comp_get = 0x19265
                0x00019271                        low_power_enter_sleep = 0x19271
                0x0001927d                        low_power_restore = 0x1927d
                0x0001937d                        low_power_save = 0x1937d
                0x000193fd                        main = 0x193fd
                0x00019545                        notEqual256 = 0x19545
                0x00019565                        pcTaskGetName = 0x19565
                0x00019575                        pcTimerGetName = 0x19575
                0x00019579                        phy_upd_proc_start = 0x19579
                0x000195d1                        platform_reset = 0x195d1
                0x000195f9                        pmu_calibration_start = 0x195f9
                0x00019679                        pmu_calibration_stop = 0x19679
                0x000196a9                        pmu_disable_isr = 0x196a9
                0x000196c9                        pmu_disable_isr2 = 0x196c9
                0x000196e9                        pmu_enable_isr = 0x196e9
                0x00019709                        pmu_enable_isr2 = 0x19709
                0x00019729                        pmu_first_power_on = 0x19729
                0x00019751                        pmu_get_isr_state = 0x19751
                0x00019761                        pmu_get_rc_clk = 0x19761
                0x000197a9                        pmu_gpio_set_dir = 0x197a9
                0x000197e1                        pmu_init = 0x197e1
                0x000197fd                        pmu_isr = 0x197fd
                0x0001993d                        pmu_port_set_mux = 0x1993d
                0x00019975                        pmu_port_wakeup_func_clear = 0x19975
                0x00019995                        pmu_port_wakeup_func_set = 0x19995
                0x00019a4d                        pmu_set_on_off_mode = 0x19a4d
                0x00019a81                        print = 0x19a81
                0x0001a2d9                        pvPortMalloc = 0x1a2d9
                0x0001a305                        pvTaskIncrementMutexHeldCount = 0x1a305
                0x0001a31d                        pvTimerGetTimerID = 0x1a31d
                0x0001a331                        pxPortInitialiseStack = 0x1a331
                0x0001a355                        qspi_cfg_set_baudrate = 0x1a355
                0x0001a369                        qspi_flash_enable_quad = 0x1a369
                0x0001a3dd                        qspi_flash_init = 0x1a3dd
                0x0001a401                        qspi_flash_init_controller = 0x1a401
                0x0001a575                        qspi_stig_cmd = 0x1a575
                0x0001a855                        rf_em_init = 0x1a855
                0x0001a879                        rf_init_api = 0x1a879
                0x0001a8b1                        rf_init_controller = 0x1a8b1
                0x0001a905                        rf_init_rom = 0x1a905
                0x0001a97d                        rwble_init = 0x1a97d
                0x0001a9bd                        rwble_isr = 0x1a9bd
                0x0001aa1d                        rwble_sleep_enter = 0x1aa1d
                0x0001aa35                        rwble_sleep_wakeup_end = 0x1aa35
                0x0001aa45                        rwip_active_check = 0x1aa45
                0x0001aa49                        rwip_aes_encrypt = 0x1aa49
                0x0001aaf1                        rwip_driver_init = 0x1aaf1
                0x0001abb5                        rwip_eif_get = 0x1abb5
                0x0001abc5                        rwip_init = 0x1abc5
                0x0001ac5d                        rwip_isr = 0x1ac5d
                0x0001ace9                        rwip_lpcycles_2_hus = 0x1ace9
                0x0001ad11                        rwip_prevent_sleep_clear = 0x1ad11
                0x0001ad31                        rwip_prevent_sleep_set = 0x1ad31
                0x0001ad51                        rwip_reset = 0x1ad51
                0x0001adb1                        rwip_schedule = 0x1adb1
                0x0001adc5                        rwip_sleep = 0x1adc5
                0x0001adfd                        rwip_sleep_div_64 = 0x1adfd
                0x0001ae35                        rwip_sleep_time_calc = 0x1ae35
                0x0001aef1                        rwip_slot_2_lpcycles = 0x1aef1
                0x0001af1d                        rwip_sw_int_req = 0x1af1d
                0x0001af37                        rwip_time_get = 0x1af37
                0x0001af7d                        rwip_timer_10ms_set = 0x1af7d
                0x0001afdd                        rwip_timer_hs_set = 0x1afdd
                0x0001b025                        rwip_timer_hus_set = 0x1b025
                0x0001b059                        rwip_us_2_lpcycles = 0x1b059
                0x0001b181                        sch_alarm_clear = 0x1b181
                0x0001b1c5                        sch_alarm_init = 0x1b1c5
                0x0001b22d                        sch_alarm_set = 0x1b22d
                0x0001b2bd                        sch_alarm_timer_isr = 0x1b2bd
                0x0001b3c5                        sch_arb_elt_cancel = 0x1b3c5
                0x0001b49d                        sch_arb_event_start_isr = 0x1b49d
                0x0001b53d                        sch_arb_init = 0x1b53d
                0x0001b559                        sch_arb_insert = 0x1b559
                0x0001b7b5                        sch_arb_remove = 0x1b7b5
                0x0001b815                        sch_arb_sw_isr = 0x1b815
                0x0001b839                        sch_plan_chk = 0x1b839
                0x0001b845                        sch_plan_init = 0x1b845
                0x0001bb19                        sch_plan_position_range_compute = 0x1bb19
                0x0001bc3d                        sch_plan_rem = 0x1bc3d
                0x0001bc49                        sch_plan_req = 0x1bc49
                0x0001bc7d                        sch_plan_set = 0x1bc7d
                0x0001bce1                        sch_prog_end_isr = 0x1bce1
                0x0001bd6d                        sch_prog_init = 0x1bd6d
                0x0001bda1                        sch_prog_push = 0x1bda1
                0x0001bed1                        sch_prog_rx_isr = 0x1bed1
                0x0001bef1                        sch_prog_skip_isr = 0x1bef1
                0x0001bf85                        sch_prog_tx_isr = 0x1bf85
                0x0001bfa5                        sch_slice_bg_add = 0x1bfa5
                0x0001bfb9                        sch_slice_bg_remove = 0x1bfb9
                0x0001bfcd                        sch_slice_compute = 0x1bfcd
                0x0001c059                        sch_slice_fg_add = 0x1c059
                0x0001c079                        sch_slice_fg_remove = 0x1c079
                0x0001c0ad                        sch_slice_init = 0x1c0ad
                0x0001c0d5                        sch_slice_per_add = 0x1c0d5
                0x0001c0fd                        sch_slice_per_remove = 0x1c0fd
                0x0001c121                        specialModP256 = 0x1c121
                0x0001c1e5                        ssp_clear_rx_fifo = 0x1c1e5
                0x0001c1f7                        ssp_disable = 0x1c1f7
                0x0001c201                        ssp_enable = 0x1c201
                0x0001c20b                        ssp_get_data = 0x1c20b
                0x0001c22d                        ssp_init = 0x1c22d
                0x0001c295                        ssp_put_byte = 0x1c295
                0x0001c29f                        ssp_put_data = 0x1c29f
                0x0001c2b5                        ssp_reconfigure = 0x1c2b5
                0x0001c301                        ssp_wait_busy_bit = 0x1c301
                0x0001c309                        ssp_write_then_read = 0x1c309
                0x0001c371                        system_get_pclk = 0x1c371
                0x0001c385                        system_get_pclk_config = 0x1c385
                0x0001c391                        system_init = 0x1c391
                0x0001c3cd                        system_set_cache_config = 0x1c3cd
                0x0001c3dd                        system_set_pclk = 0x1c3dd
                0x0001c3fd                        system_set_port_mux = 0x1c3fd
                0x0001c417                        system_set_port_pull = 0x1c417
                0x0001c4d5                        trng_init = 0x1c4d5
                0x0001c4d9                        trng_read_rand_num = 0x1c4d9
                0x0001c531                        uart0_isr = 0x1c531
                0x0001c591                        uart0_read_for_hci = 0x1c591
                0x0001c5a9                        uart0_write_for_hci = 0x1c5a9
                0x0001c5d1                        uart1_isr = 0x1c5d1
                0x0001c631                        uart1_read_for_hci = 0x1c631
                0x0001c649                        uart1_write_for_hci = 0x1c649
                0x0001c671                        uart_finish_transfers = 0x1c671
                0x0001c679                        uart_flow_off = 0x1c679
                0x0001c67d                        uart_flow_on = 0x1c67d
                0x0001c67f                        uart_flush_rxfifo_noint = 0x1c67f
                0x0001c691                        uart_get_data_nodelay_noint = 0x1c691
                0x0001c6b5                        uart_get_data_noint = 0x1c6b5
                0x0001c6d9                        uart_init = 0x1c6d9
                0x0001c779                        uart_put_data_noint = 0x1c779
                0x0001c79d                        uart_putc_noint = 0x1c79d
                0x0001c7a7                        uart_putc_noint_no_wait = 0x1c7a7
                0x0001c7ab                        uart_read = 0x1c7ab
                0x0001c7cd                        uart_reset_register = 0x1c7cd
                0x0001c7e1                        uart_set_fifo = 0x1c7e1
                0x0001c7e5                        uart_write = 0x1c7e5
                0x0001c80d                        ulTaskNotifyTake = 0x1c80d
                0x0001c875                        uxListRemove = 0x1c875
                0x0001c89b                        uxQueueMessagesWaiting = 0x1c89b
                0x0001c8ad                        uxQueueMessagesWaitingFromISR = 0x1c8ad
                0x0001c8b1                        uxQueueSpacesAvailable = 0x1c8b1
                0x0001c8c9                        uxTaskGetNumberOfTasks = 0x1c8c9
                0x0001c8d5                        uxTaskPriorityGet = 0x1c8d5
                0x0001c8f1                        uxTaskPriorityGetFromISR = 0x1c8f1
                0x0001c915                        uxTaskResetEventItemValue = 0x1c915
                0x0001c92d                        vEventGroupClearBitsCallback = 0x1c92d
                0x0001c931                        vEventGroupDelete = 0x1c931
                0x0001c95d                        vEventGroupSetBitsCallback = 0x1c95d
                0x0001c961                        vListInitialise = 0x1c961
                0x0001c977                        vListInitialiseItem = 0x1c977
                0x0001c97d                        vListInsert = 0x1c97d
                0x0001c9ad                        vListInsertEnd = 0x1c9ad
                0x0001c9c5                        vPortEndScheduler = 0x1c9c5
                0x0001c9c9                        vPortEnterCritical = 0x1c9c9
                0x0001c9e5                        vPortExitCritical = 0x1c9e5
                0x0001c9f9                        vPortFree = 0x1c9f9
                0x0001ca15                        vPortSetupTimerInterrupt = 0x1ca15
                0x0001ca69                        vPortSuppressTicksAndSleep = 0x1ca69
                0x0001cb81                        vQueueDelete = 0x1cb81
                0x0001cb85                        vQueueWaitForMessageRestricted = 0x1cb85
                0x0001cbc9                        vTaskDelay = 0x1cbc9
                0x0001cbf9                        vTaskDelayUntil = 0x1cbf9
                0x0001cc4d                        vTaskDelete = 0x1cc4d
                0x0001cce5                        vTaskEndScheduler = 0x1cce5
                0x0001cd01                        vTaskInternalSetTimeOutState = 0x1cd01
                0x0001cd11                        vTaskMissedYield = 0x1cd11
                0x0001cd1d                        vTaskNotifyGiveFromISR = 0x1cd1d
                0x0001cda9                        vTaskPlaceOnEventList = 0x1cda9
                0x0001cdc9                        vTaskPlaceOnEventListRestricted = 0x1cdc9
                0x0001cdf1                        vTaskPlaceOnUnorderedEventList = 0x1cdf1
                0x0001ce1d                        vTaskPriorityDisinheritAfterTimeout = 0x1ce1d
                0x0001ce9d                        vTaskPrioritySet = 0x1ce9d
                0x0001cf51                        vTaskRemoveFromUnorderedEventList = 0x1cf51
                0x0001cf9d                        vTaskResume = 0x1cf9d
                0x0001d00d                        vTaskSetTimeOutState = 0x1d00d
                0x0001d02d                        vTaskStartScheduler = 0x1d02d
                0x0001d089                        vTaskStepTick = 0x1d089
                0x0001d099                        vTaskSuspend = 0x1d099
                0x0001d141                        vTaskSuspendAll = 0x1d141
                0x0001d151                        vTaskSwitchContext = 0x1d151
                0x0001d195                        vTimerSetTimerID = 0x1d195
                0x0001d1a9                        xEventGroupClearBits = 0x1d1a9
                0x0001d1c3                        xEventGroupCreate = 0x1d1c3
                0x0001d1dd                        xEventGroupGetBitsFromISR = 0x1d1dd
                0x0001d1f7                        xEventGroupSetBits = 0x1d1f7
                0x0001d25d                        xEventGroupSync = 0x1d25d
                0x0001d2e9                        xEventGroupWaitBits = 0x1d2e9
                0x0001d399                        xPortStartScheduler = 0x1d399
                0x0001d3c9                        xQueueCreateCountingSemaphore = 0x1d3c9
                0x0001d3dd                        xQueueCreateMutex = 0x1d3dd
                0x0001d401                        xQueueGenericCreate = 0x1d401
                0x0001d439                        xQueueGenericReset = 0x1d439
                0x0001d4ad                        xQueueGenericSend = 0x1d4ad
                0x0001d5a5                        xQueueGenericSendFromISR = 0x1d5a5
                0x0001d60b                        xQueueGiveFromISR = 0x1d60b
                0x0001d661                        xQueueGiveMutexRecursive = 0x1d661
                0x0001d68b                        xQueueIsQueueEmptyFromISR = 0x1d68b
                0x0001d697                        xQueueIsQueueFullFromISR = 0x1d697
                0x0001d6a9                        xQueuePeek = 0x1d6a9
                0x0001d791                        xQueuePeekFromISR = 0x1d791
                0x0001d7bd                        xQueueReceive = 0x1d7bd
                0x0001d8ad                        xQueueReceiveFromISR = 0x1d8ad
                0x0001d911                        xQueueSemaphoreTake = 0x1d911
                0x0001da39                        xQueueTakeMutexRecursive = 0x1da39
                0x0001da69                        xTaskCheckForTimeOut = 0x1da69
                0x0001dab9                        xTaskCreate = 0x1dab9
                0x0001db11                        xTaskGenericNotify = 0x1db11
                0x0001dbb9                        xTaskGenericNotifyFromISR = 0x1dbb9
                0x0001dc75                        xTaskGetCurrentTaskHandle = 0x1dc75
                0x0001dc81                        xTaskGetSchedulerState = 0x1dc81
                0x0001dc9d                        xTaskGetTickCount = 0x1dc9d
                0x0001dca9                        xTaskGetTickCountFromISR = 0x1dca9
                0x0001dcb5                        xTaskIncrementTick = 0x1dcb5
                0x0001dd69                        xTaskNotifyStateClear = 0x1dd69
                0x0001dd9d                        xTaskNotifyWait = 0x1dd9d
                0x0001de29                        xTaskPriorityDisinherit = 0x1de29
                0x0001de99                        xTaskPriorityInherit = 0x1de99
                0x0001df2d                        xTaskRemoveFromEventList = 0x1df2d
                0x0001df99                        xTaskResumeAll = 0x1df99
                0x0001e04d                        xTaskResumeFromISR = 0x1e04d
                0x0001e0c1                        xTimerCreate = 0x1e0c1
                0x0001e0f9                        xTimerCreateTimerTask = 0x1e0f9
                0x0001e135                        xTimerGenericCommand = 0x1e135
                0x0001e17d                        xTimerGetExpiryTime = 0x1e17d
                0x0001e181                        xTimerGetPeriod = 0x1e181
                0x0001e185                        xTimerGetTimerDaemonTaskHandle = 0x1e185
                0x0001e191                        xTimerIsTimerActive = 0x1e191
                0x0001e1ac                        app_boot_conn_success = 0x1e1ac
                0x0001e1ae                        app_boot_read_en_magic = 0x1e1ae
                0x0001e1b3                        app_boot_conn_req = 0x1e1b3
                0x0001e1bb                        app_boot_conn_ack = 0x1e1bb
                0x0001e4b4                        TASK_DESC_LLC = 0x1e4b4
                0x0001e4c0                        LLM_AA_CT2 = 0x1e4c0
                0x0001e4c2                        LLM_AA_CT1 = 0x1e4c2
                0x0001e4c8                        connect_req_dur_tab = 0x1e4c8
                0x0001e4d0                        byte_tx_time = 0x1e4d0
                0x0001e4d8                        fixed_tx_time = 0x1e4d8
                0x0001e4e0                        lld_init_max_aux_dur_tab = 0x1e4e0
                0x0001e4e8                        lld_scan_map_legacy_pdu_to_evt_type = 0x1e4e8
                0x0001e4f0                        lld_scan_max_aux_dur_tab = 0x1e4f0
                0x0001e4f8                        lld_sync_max_aux_dur_tab = 0x1e4f8
                0x0001e844                        TASK_DESC_LLM = 0x1e844
                0x0001e860                        hci_cmd_desc_tab_lk_ctrl = 0x1e860
                0x0001e878                        hci_cmd_desc_tab_ctrl_bb = 0x1e878
                0x0001e8e4                        hci_cmd_desc_tab_info_par = 0x1e8e4
                0x0001e914                        hci_cmd_desc_tab_stat_par = 0x1e914
                0x0001e920                        hci_cmd_desc_tab_le = 0x1e920
                0x0001ecbc                        hci_cmd_desc_tab_vs = 0x1ecbc
                0x0001ece0                        hci_cmd_desc_root_tab = 0x1ece0
                0x0001ed10                        hci_evt_desc_tab = 0x1ed10
                0x0001ed58                        hci_evt_le_desc_tab = 0x1ed58
                0x0001ee00                        aes_cmac_zero = 0x1ee00
                0x0001ee10                        aes_k2_salt = 0x1ee10
                0x0001ee20                        aes_k3_id64 = 0x1ee20
                0x0001ee25                        aes_k3_salt = 0x1ee25
                0x0001ee35                        aes_k4_id6 = 0x1ee35
                0x0001ee39                        aes_k4_salt = 0x1ee39
                0x0001ee49                        one_bits = 0x1ee49
                0x0001ee5a                        co_sca2ppm = 0x1ee5a
                0x0001ee6a                        co_null_bdaddr = 0x1ee6a
                0x0001ee70                        co_default_bdaddr = 0x1ee70
                0x0001ee76                        co_rate_to_phy = 0x1ee76
                0x0001ee7b                        co_phy_to_rate = 0x1ee7b
                0x0001ee7f                        co_phy_mask_to_value = 0x1ee7f
                0x0001ee84                        co_phy_value_to_mask = 0x1ee84
                0x0001ee88                        co_rate_to_phy_mask = 0x1ee88
                0x0001ee8c                        BasePoint_x_256 = 0x1ee8c
                0x0001eeac                        BasePoint_y_256 = 0x1eeac
                0x0001eecc                        maxSecretKey_256 = 0x1eecc
                0x0001eeec                        DebugE256PublicKey_x = 0x1eeec
                0x0001ef0c                        DebugE256PublicKey_y = 0x1ef0c
                0x0001ef2c                        DebugE256SecretKey = 0x1ef2c
                0x0001ef4c                        coef_B = 0x1ef4c
                0x0001ef78                        bigHexP256 = 0x1ef78
                0x0001efa4                        veryBigHexP256 = 0x1efa4
                0x0001eff4                        ecc_Jacobian_InfinityPoint256 = 0x1eff4
                0x0001f078                        ECC_4Win_Look_up_table = 0x1f078
                0x0001f849                        rwip_priority = 0x1f849
                0x0001fc60                        uart_api = 0x1fc60
                0x0001fc70                        uart_baud_map = 0x1fc70
                0x0001fc88                        sector_erase_cmd = 0x1fc88
                0x0001fc8c                        read_id_cmd = 0x1fc8c
                0x0001fc90                        read_status_cmd = 0x1fc90
                0x0001fc94                        read_status_h_cmd = 0x1fc94
                0x0001fc98                        write_enable_cmd = 0x1fc98
                0x0001fc9c                        write_status_cmd = 0x1fc9c
                0x0001fca0                        write_disable_cmd = 0x1fca0
                0x0001fca4                        deep_sleep_cmd = 0x1fca4
                0x0001fca8                        wakeup_cmd = 0x1fca8
                0x0001fcac                        write_volatile_enable_cmd = 0x1fcac
                0x0001fcb0                        block_erase_cmd = 0x1fcb0
                0x0001fcb4                        write_cmd = 0x1fcb4
                0x0001fcb8                        read_cmd = 0x1fcb8
                0x0001fcbc                        system_clk_map = 0x1fcbc
                0x0001fcc0                        system_regs = 0x1fcc0
                0x0001fcc4                        frspim_reg = 0x1fcc4
                0x20000080                        __jump_table = 0x20000080
                0x200000dc                        app_storage_base_addr_index = 0x200000dc
                0x200000dd                        app_boot_param = 0x200000dd
                0x200000e4                        aa_gen = 0x200000e4
                0x200000ec                        lld_exp_sync_pos_tab = 0x200000ec
                0x20000105                        hci_ext_host = 0x20000105
                0x20000128                        sch_slice_params = 0x20000128
                0x20000130                        ecc_env = 0x20000130
                0x20000138                        ke_task_env = 0x20000138
                0x2000013c                        rwip_param = 0x2000013c
                0x20000144                        __stdout = 0x20000144
                0x20000148                        __stdin = 0x20000148
                0x2000014c                        error = 0x2000014c
                0x20000150                        critical_sec_cnt = 0x20000150
                0x20000154                        unloaded_area = 0x20000154
                0x20000158                        rf_init = 0x20000158
                0x2000015c                        gapc_get_conidx = 0x2000015c
                0x20000160                        appm_init = 0x20000160
                0x20000164                        rwble_hl_init = 0x20000164
                0x20000168                        svc_exception_handler = 0x20000168
                0x2000016c                        low_power_save_entry = 0x2000016c
                0x20000170                        low_power_restore_entry = 0x20000170
                0x20000174                        user_entry_before_sleep = 0x20000174
                0x20000178                        user_entry_after_sleep = 0x20000178
                0x2000017c                        rtos_entry = 0x2000017c
                0x20000180                        ke_task_handler_get_user = 0x20000180
                0x20000184                        em_ble_base_address_table_0 = 0x20000184
                0x20000186                        em_ble_base_address_table_1 = 0x20000186
                0x20000188                        em_ble_base_address_table_2 = 0x20000188
                0x2000018a                        em_ble_base_address_table_3 = 0x2000018a
                0x2000018c                        em_ble_base_address_table_4 = 0x2000018c
                0x2000018e                        em_ble_base_address_table_5 = 0x2000018e
                0x20000190                        em_ble_base_address_table_6 = 0x20000190
                0x20000192                        em_ble_base_address_table_7 = 0x20000192
                0x20000194                        em_ble_base_address_table_8 = 0x20000194
                0x20000196                        em_ble_base_address_table_9 = 0x20000196
                0x20000198                        em_ble_base_address_table_10 = 0x20000198
                0x2000019c                        qspi_ctrl = 0x2000019c
                0x200001ac                        pmu_calibration_isr_count = 0x200001ac
                0x200001b0                        pxCurrentTCB = 0x200001b0
                0x20000210                        app_user_rtos_wait_wakeup_end = 0x20000210
                0x20000254                        llc_env = 0x20000254
                0x200002c4                        lld_env = 0x200002c4
                0x2000040c                        lld_con_env = 0x2000040c
                0x200004bc                        lld_sync_env = 0x200004bc
                0x20000514                        llm_env = 0x20000514
                0x200006e4                        hci_env = 0x200006e4
                0x20000918                        aes_env = 0x20000918
                0x20000944                        ke_env = 0x20000944
                0x200009b4                        rwip_rf = 0x200009b4
                0x200009e8                        rwip_env = 0x200009e8
                0x20000a00                        low_power_store_addr = 0x20000a00
                0x20000a34                        low_power_restore_remap = 0x20000a34
                0x40004000                        __initial_sp = 0x40004000
LOAD C:/Program Files (x86)/Arm GNU Toolchain arm-none-eabi/13.3 rel1/bin/../lib/gcc/arm-none-eabi/13.3.1/thumb/v7-m/nofp\libm.a
LOAD build/d20_smartwatch/app.c.o